\BOOKMARK [1][-]{section.1}{\376\377\000I\000n\000t\000r\000o\000d\000u\000c\000t\000i\000o\000n\000\040\000a\000n\000d\000\040\000p\000r\000o\000b\000l\000e\000m\000\040\000s\000t\000a\000t\000e\000m\000e\000n\000t}{}% 1
\BOOKMARK [2][-]{subsection.1.1}{\376\377\000R\000e\000s\000e\000a\000r\000c\000h\000\040\000p\000o\000s\000i\000t\000i\000o\000n\000\040\000a\000n\000d\000\040\000r\000e\000c\000e\000n\000t\000\040\000w\000o\000r\000k}{section.1}% 2
\BOOKMARK [2][-]{subsection.1.2}{\376\377\000W\000h\000a\000t\000\040\000t\000h\000e\000\040\000p\000r\000o\000b\000l\000e\000m\000\040\000s\000t\000a\000t\000e\000m\000e\000n\000t\000\040\000a\000s\000k\000s\000\040\000f\000o\000r}{section.1}% 3
\BOOKMARK [2][-]{subsection.1.3}{\376\377\000F\000i\000n\000i\000s\000h\000e\000d\000-\000c\000o\000n\000f\000i\000g\000u\000r\000a\000t\000i\000o\000n\000\040\000p\000r\000o\000j\000e\000c\000t\000i\000o\000n\000s}{section.1}% 4
\BOOKMARK [2][-]{subsection.1.4}{\376\377\000B\000a\000s\000i\000s\000\040\000o\000f\000\040\000t\000h\000e\000\040\000n\000u\000m\000e\000r\000i\000c\000a\000l\000\040\000r\000e\000s\000u\000l\000t\000s}{section.1}% 5
\BOOKMARK [2][-]{subsection.1.5}{\376\377\000T\000e\000a\000m\000-\000r\000e\000p\000o\000r\000t\000e\000d\000\040\000b\000e\000n\000c\000h\000\040\000i\000n\000t\000e\000r\000v\000a\000l\000s\000\040\000a\000n\000d\000\040\000p\000r\000o\000v\000e\000n\000a\000n\000c\000e}{section.1}% 6
\BOOKMARK [1][-]{section.2}{\376\377\000B\000a\000c\000k\000g\000r\000o\000u\000n\000d\000:\000\040\000w\000h\000y\000\040\000a\000\040\000f\000i\000x\000e\000d\000\040\000p\000i\000n\000g\000\040\000i\000s\000\040\000w\000r\000o\000n\000g}{}% 7
\BOOKMARK [2][-]{subsection.2.1}{\376\377\000T\000h\000e\000\040\000f\000r\000e\000q\000u\000e\000n\000c\000y\000\040\000t\000r\000a\000d\000e}{section.2}% 8
\BOOKMARK [2][-]{subsection.2.2}{\376\377\000W\000h\000y\000\040\000b\000a\000n\000d\000w\000i\000d\000t\000h\000\040\000i\000s\000\040\000t\000h\000e\000\040\000q\000u\000a\000n\000t\000i\000t\000y\000\040\000w\000o\000r\000t\000h\000\040\000p\000r\000o\000t\000e\000c\000t\000i\000n\000g}{section.2}% 9
\BOOKMARK [2][-]{subsection.2.3}{\376\377\000T\000h\000e\000\040\000c\000o\000n\000s\000e\000q\000u\000e\000n\000c\000e\000\040\000f\000o\000r\000\040\000a\000\040\000f\000i\000x\000e\000d\000\040\000p\000a\000y\000l\000o\000a\000d}{section.2}% 10
\BOOKMARK [1][-]{section.3}{\376\377\000S\000y\000s\000t\000e\000m\000\040\000a\000r\000c\000h\000i\000t\000e\000c\000t\000u\000r\000e}{}% 11
\BOOKMARK [2][-]{subsection.3.1}{\376\377\000P\000a\000r\000t\000i\000t\000i\000o\000n\000i\000n\000g}{section.3}% 12
\BOOKMARK [2][-]{subsection.3.2}{\376\377\000D\000a\000t\000a\000\040\000f\000l\000o\000w}{section.3}% 13
\BOOKMARK [2][-]{subsection.3.3}{\376\377\000T\000w\000o\000\040\000d\000o\000m\000a\000i\000n\000s\000,\000\040\000o\000n\000e\000\040\000c\000o\000d\000e\000b\000a\000s\000e}{section.3}% 14
\BOOKMARK [1][-]{section.4}{\376\377\000F\000i\000r\000m\000w\000a\000r\000e\000\040\000i\000m\000p\000l\000e\000m\000e\000n\000t\000a\000t\000i\000o\000n}{}% 15
\BOOKMARK [2][-]{subsection.4.1}{\376\377\000T\000h\000e\000\040\000t\000r\000a\000n\000s\000m\000i\000t\000\040\000s\000t\000a\000t\000e\000\040\000m\000a\000c\000h\000i\000n\000e}{section.4}% 16
\BOOKMARK [2][-]{subsection.4.2}{\376\377\000T\000i\000m\000i\000n\000g\000\040\000b\000u\000d\000g\000e\000t}{section.4}% 17
\BOOKMARK [3][-]{subsubsection.4.2.1}{\376\377\000M\000a\000k\000i\000n\000g\000\040\000t\000h\000e\000\040\000t\000i\000m\000i\000n\000g\000\040\000o\000b\000s\000e\000r\000v\000a\000b\000l\000e}{subsection.4.2}% 18
\BOOKMARK [2][-]{subsection.4.3}{\376\377\000M\000e\000m\000o\000r\000y\000\040\000a\000n\000d\000\040\000b\000u\000f\000f\000e\000r\000i\000n\000g}{section.4}% 19
\BOOKMARK [2][-]{subsection.4.4}{\376\377\000F\000i\000x\000e\000d\000-\000p\000o\000i\000n\000t\000\040\000a\000r\000i\000t\000h\000m\000e\000t\000i\000c}{section.4}% 20
\BOOKMARK [1][-]{section.5}{\376\377\000O\000c\000e\000a\000n\000\040\000a\000c\000o\000u\000s\000t\000i\000c\000\040\000m\000o\000d\000e\000l\000s\000\040\000u\000s\000e\000d}{}% 21
\BOOKMARK [2][-]{subsection.5.1}{\376\377\000S\000o\000u\000n\000d\000\040\000s\000p\000e\000e\000d}{section.5}% 22
\BOOKMARK [2][-]{subsection.5.2}{\376\377\000A\000b\000s\000o\000r\000p\000t\000i\000o\000n}{section.5}% 23
\BOOKMARK [2][-]{subsection.5.3}{\376\377\000E\000x\000c\000e\000s\000s\000\040\000l\000o\000s\000s\000\040\000f\000r\000o\000m\000\040\000s\000u\000s\000p\000e\000n\000d\000e\000d\000\040\000s\000e\000d\000i\000m\000e\000n\000t}{section.5}% 24
\BOOKMARK [2][-]{subsection.5.4}{\376\377\000T\000h\000e\000\040\000a\000c\000t\000i\000v\000e\000\040\000s\000o\000n\000a\000r\000\040\000e\000q\000u\000a\000t\000i\000o\000n}{section.5}% 25
\BOOKMARK [1][-]{section.6}{\376\377\000W\000a\000v\000e\000f\000o\000r\000m\000\040\000s\000y\000n\000t\000h\000e\000s\000i\000s\000\040\000a\000n\000d\000\040\000w\000i\000n\000d\000o\000w\000i\000n\000g}{}% 26
\BOOKMARK [2][-]{subsection.6.1}{\376\377\000P\000h\000a\000s\000e\000\040\000a\000c\000c\000u\000m\000u\000l\000a\000t\000i\000o\000n\000\040\000r\000a\000t\000h\000e\000r\000\040\000t\000h\000a\000n\000\040\000l\000i\000v\000e\000\040\000t\000r\000i\000g\000o\000n\000o\000m\000e\000t\000r\000y}{section.6}% 27
\BOOKMARK [2][-]{subsection.6.2}{\376\377\000W\000a\000v\000e\000f\000o\000r\000m\000\040\000f\000a\000m\000i\000l\000i\000e\000s}{section.6}% 28
\BOOKMARK [2][-]{subsection.6.3}{\376\377\000T\000h\000e\000\040\000t\000r\000a\000n\000s\000m\000i\000t\000\040\000e\000n\000v\000e\000l\000o\000p\000e}{section.6}% 29
\BOOKMARK [1][-]{section.7}{\376\377\000P\000u\000l\000s\000e\000\040\000c\000o\000m\000p\000r\000e\000s\000s\000i\000o\000n\000\040\000a\000n\000d\000\040\000t\000h\000e\000\040\000m\000a\000t\000c\000h\000e\000d\000\040\000f\000i\000l\000t\000e\000r}{}% 30
\BOOKMARK [2][-]{subsection.7.1}{\376\377\000P\000r\000i\000n\000c\000i\000p\000l\000e}{section.7}% 31
\BOOKMARK [2][-]{subsection.7.2}{\376\377\000T\000h\000e\000\040\000r\000e\000s\000o\000l\000u\000t\000i\000o\000n\000\040\000t\000a\000b\000l\000e}{section.7}% 32
\BOOKMARK [2][-]{subsection.7.3}{\376\377\000R\000e\000a\000l\000i\000s\000e\000d\000\040\000p\000e\000r\000f\000o\000r\000m\000a\000n\000c\000e}{section.7}% 33
\BOOKMARK [1][-]{section.8}{\376\377\000T\000h\000e\000\040\000a\000d\000a\000p\000t\000a\000t\000i\000o\000n\000\040\000s\000o\000l\000v\000e\000r\000\040\000a\000n\000d\000\040\000t\000h\000e\000\040\000c\000l\000o\000s\000e\000d\000\040\000l\000o\000o\000p}{}% 34
\BOOKMARK [2][-]{subsection.8.1}{\376\377\000T\000h\000e\000\040\000c\000a\000n\000d\000i\000d\000a\000t\000e\000\040\000s\000e\000a\000r\000c\000h}{section.8}% 35
\BOOKMARK [2][-]{subsection.8.2}{\376\377\000T\000h\000e\000\040\000d\000e\000s\000i\000g\000n\000\040\000m\000a\000r\000g\000i\000n}{section.8}% 36
\BOOKMARK [2][-]{subsection.8.3}{\376\377\000M\000e\000a\000s\000u\000r\000e\000d\000\040\000a\000d\000a\000p\000t\000a\000t\000i\000o\000n\000\040\000b\000e\000h\000a\000v\000i\000o\000u\000r}{section.8}% 37
\BOOKMARK [2][-]{subsection.8.4}{\376\377\000T\000h\000e\000\040\000c\000l\000o\000s\000e\000d\000\040\000l\000o\000o\000p}{section.8}% 38
\BOOKMARK [1][-]{section.9}{\376\377\000H\000a\000r\000d\000w\000a\000r\000e\000\040\000d\000e\000s\000i\000g\000n\000\040\000a\000n\000d\000\040\000d\000o\000m\000a\000i\000n\000\040\000p\000a\000r\000t\000i\000t\000i\000o\000n\000i\000n\000g}{}% 39
\BOOKMARK [2][-]{subsection.9.1}{\376\377\000S\000e\000l\000e\000c\000t\000i\000o\000n\000\040\000a\000g\000a\000i\000n\000s\000t\000\040\000m\000e\000a\000s\000u\000r\000e\000d\000\040\000l\000i\000m\000i\000t\000s}{section.9}% 40
\BOOKMARK [2][-]{subsection.9.2}{\376\377\000T\000h\000e\000\040\000t\000r\000a\000n\000s\000d\000u\000c\000e\000r\000\040\000a\000s\000\040\000a\000\040\000l\000o\000a\000d}{section.9}% 41
\BOOKMARK [2][-]{subsection.9.3}{\376\377\000S\000i\000g\000n\000a\000l\000\040\000i\000n\000t\000e\000g\000r\000i\000t\000y\000\040\000o\000f\000\040\000t\000h\000e\000\040\000t\000r\000a\000n\000s\000m\000i\000t\000\040\000c\000h\000a\000i\000n}{section.9}% 42
\BOOKMARK [2][-]{subsection.9.4}{\376\377\000C\000o\000s\000t}{section.9}% 43
\BOOKMARK [1][-]{section.10}{\376\377\000P\000o\000w\000e\000r\000\040\000a\000r\000c\000h\000i\000t\000e\000c\000t\000u\000r\000e\000\040\000a\000n\000d\000\040\000b\000u\000d\000g\000e\000t}{}% 44
\BOOKMARK [2][-]{subsection.10.1}{\376\377\000D\000u\000t\000y\000\040\000c\000y\000c\000l\000i\000n\000g}{section.10}% 45
\BOOKMARK [2][-]{subsection.10.2}{\376\377\000K\000e\000e\000p\000i\000n\000g\000\040\000t\000h\000e\000\040\000p\000r\000o\000c\000e\000s\000s\000o\000r\000\040\000o\000u\000t\000\040\000o\000f\000\040\000t\000h\000e\000\040\000t\000r\000a\000n\000s\000m\000i\000t\000\040\000p\000a\000t\000h}{section.10}% 46
\BOOKMARK [2][-]{subsection.10.3}{\376\377\000E\000n\000d\000u\000r\000a\000n\000c\000e}{section.10}% 47
\BOOKMARK [1][-]{section.11}{\376\377\000T\000h\000e\000\040\000l\000e\000a\000r\000n\000e\000d\000\040\000s\000u\000r\000r\000o\000g\000a\000t\000e\000\040\000a\000n\000d\000\040\000i\000t\000s\000\040\000s\000a\000f\000e\000t\000y\000\040\000b\000o\000u\000n\000d}{}% 48
\BOOKMARK [2][-]{subsection.11.1}{\376\377\000T\000w\000o\000\040\000m\000o\000d\000e\000l\000s\000,\000\040\000t\000w\000o\000\040\000o\000u\000t\000c\000o\000m\000e\000s}{section.11}% 49
\BOOKMARK [2][-]{subsection.11.2}{\376\377\000T\000h\000e\000\040\000m\000o\000d\000e\000l\000\040\000t\000h\000a\000t\000\040\000i\000s\000\040\000d\000e\000p\000l\000o\000y\000e\000d}{section.11}% 50
\BOOKMARK [2][-]{subsection.11.3}{\376\377\000T\000h\000e\000\040\000d\000e\000p\000l\000o\000y\000m\000e\000n\000t\000\040\000r\000u\000l\000e}{section.11}% 51
\BOOKMARK [1][-]{section.12}{\376\377\000T\000h\000e\000\040\000o\000p\000e\000r\000a\000t\000o\000r\000\040\000a\000p\000p\000l\000i\000c\000a\000t\000i\000o\000n}{}% 52
\BOOKMARK [2][-]{subsection.12.1}{\376\377\000T\000w\000o\000\040\000m\000o\000d\000e\000s}{section.12}% 53
\BOOKMARK [2][-]{subsection.12.2}{\376\377\000W\000h\000a\000t\000\040\000r\000u\000n\000s\000\040\000o\000n\000\040\000t\000h\000e\000\040\000h\000a\000n\000d\000s\000e\000t}{section.12}% 54
\BOOKMARK [2][-]{subsection.12.3}{\376\377\000S\000c\000r\000e\000e\000n\000s}{section.12}% 55
\BOOKMARK [2][-]{subsection.12.4}{\376\377\000V\000e\000r\000i\000f\000i\000c\000a\000t\000i\000o\000n}{section.12}% 56
\BOOKMARK [1][-]{section.13}{\376\377\000P\000r\000o\000j\000e\000c\000t\000e\000d\000\040\000v\000a\000l\000i\000d\000a\000t\000i\000o\000n\000\040\000r\000e\000s\000u\000l\000t\000s}{}% 57
\BOOKMARK [2][-]{subsection.13.1}{\376\377\000T\000e\000s\000t\000\040\000p\000r\000o\000g\000r\000a\000m\000m\000e}{section.13}% 58
\BOOKMARK [2][-]{subsection.13.2}{\376\377\000U\000n\000c\000e\000r\000t\000a\000i\000n\000t\000y}{section.13}% 59
\BOOKMARK [2][-]{subsection.13.3}{\376\377\000D\000e\000v\000i\000a\000t\000i\000o\000n\000\040\000c\000o\000n\000t\000r\000o\000l}{section.13}% 60
\BOOKMARK [2][-]{subsection.13.4}{\376\377\000S\000o\000f\000t\000w\000a\000r\000e\000\040\000v\000e\000r\000i\000f\000i\000c\000a\000t\000i\000o\000n}{section.13}% 61
\BOOKMARK [1][-]{section.14}{\376\377\000O\000p\000e\000r\000a\000t\000i\000n\000g\000\040\000e\000n\000v\000e\000l\000o\000p\000e}{}% 62
\BOOKMARK [1][-]{section.15}{\376\377\000P\000a\000t\000h\000\040\000t\000o\000\040\000d\000e\000p\000l\000o\000y\000m\000e\000n\000t}{}% 63
\BOOKMARK [2][-]{subsection.15.1}{\376\377\000I\000n\000t\000e\000g\000r\000a\000t\000i\000o\000n}{section.15}% 64
\BOOKMARK [2][-]{subsection.15.2}{\376\377\000S\000c\000a\000l\000i\000n\000g}{section.15}% 65
\BOOKMARK [2][-]{subsection.15.3}{\376\377\000E\000x\000t\000e\000n\000s\000i\000o\000n}{section.15}% 66
\BOOKMARK [2][-]{subsection.15.4}{\376\377\000S\000t\000a\000n\000d\000a\000r\000d\000s\000\040\000p\000o\000s\000i\000t\000i\000o\000n}{section.15}% 67
\BOOKMARK [1][-]{section.16}{\376\377\000C\000o\000n\000c\000l\000u\000s\000i\000o\000n}{}% 68
\BOOKMARK [1][-]{section*.1}{\376\377\000R\000e\000f\000e\000r\000e\000n\000c\000e\000s}{}% 69
